12:26:57 **** Incremental Build of configuration Debug for project lora_tx ****
make -j4 all 
arm-none-eabi-gcc "../Core/Src/main.c" -mcpu=cortex-m4 -std=gnu11 -g3 -DDEBUG -DUSE_HAL_DRIVER -DSTM32F401xE -c -I../Core/Inc -I../Drivers/STM32F4xx_HAL_Driver/Inc -I../Drivers/STM32F4xx_HAL_Driver/Inc/Legacy -I../Drivers/CMSIS/Device/ST/STM32F4xx/Include -I../Drivers/CMSIS/Include -O0 -ffunction-sections -fdata-sections -Wall -fstack-usage -fcyclomatic-complexity -MMD -MP -MF"Core/Src/main.d" -MT"Core/Src/main.o" --specs=nano.specs -mfpu=fpv4-sp-d16 -mfloat-abi=hard -mthumb -o "Core/Src/main.o"
../Core/Src/main.c: In function 'main':
../Core/Src/main.c:106:9: warning: implicit declaration of function 'sprintf' [-Wimplicit-function-declaration]
  106 |         sprintf(str_var,"V:%02u*",var);
      |         ^~~~~~~
../Core/Src/main.c:21:1: note: include '<stdio.h>' or provide a declaration of 'sprintf'
   20 | #include "main.h"
  +++ |+#include <stdio.h>
   21 | 
../Core/Src/main.c:106:9: warning: incompatible implicit declaration of built-in function 'sprintf' [-Wbuiltin-declaration-mismatch]
  106 |         sprintf(str_var,"V:%02u*",var);
      |         ^~~~~~~
../Core/Src/main.c:106:9: note: include '<stdio.h>' or provide a declaration of 'sprintf'
../Core/Src/main.c:106:17: warning: pointer targets in passing argument 1 of 'sprintf' differ in signedness [-Wpointer-sign]
  106 |         sprintf(str_var,"V:%02u*",var);
      |                 ^~~~~~~
      |                 |
      |                 uint8_t * {aka unsigned char *}
../Core/Src/main.c:106:17: note: expected 'char *' but argument is of type 'uint8_t *' {aka 'unsigned char *'}
../Core/Src/main.c: In function 'HAL_UART_RxCpltCallback':
../Core/Src/main.c:283:25: warning: implicit declaration of function 'memset' [-Wimplicit-function-declaration]
  283 |                         memset(buffer_rx,0,i);
      |                         ^~~~~~
../Core/Src/main.c:21:1: note: include '<string.h>' or provide a declaration of 'memset'
   20 | #include "main.h"
  +++ |+#include <string.h>
   21 | 
../Core/Src/main.c:283:25: warning: incompatible implicit declaration of built-in function 'memset' [-Wbuiltin-declaration-mismatch]
  283 |                         memset(buffer_rx,0,i);
      |                         ^~~~~~
../Core/Src/main.c:283:25: note: include '<string.h>' or provide a declaration of 'memset'
arm-none-eabi-gcc -o "lora_tx.elf" @"objects.list"   -mcpu=cortex-m4 -T"C:\Users\DELL\Documents\GitHub\Semana_Emebebidos\Sesion3\lora_tx\STM32F401RETX_FLASH.ld" --specs=nosys.specs -Wl,-Map="lora_tx.map" -Wl,--gc-sections -static --specs=nano.specs -mfpu=fpv4-sp-d16 -mfloat-abi=hard -mthumb -Wl,--start-group -lc -lm -Wl,--end-group
Finished building target: lora_tx.elf
 
arm-none-eabi-size   lora_tx.elf 
arm-none-eabi-objdump -h -S  lora_tx.elf  > "lora_tx.list"
   text	   data	    bss	    dec	    hex	filename
  14096	    120	   2144	  16360	   3fe8	lora_tx.elf
Finished building: default.size.stdout
 
Finished building: lora_tx.list
 

12:26:59 Build Finished. 0 errors, 5 warnings. (took 2s.224ms)

